2025-05-19 18:41:42,119 - proctoring - INFO - [database.py:13] - Using database: localhost:3306/Proctoring_AI
2025-05-19 18:47:06,093 - proctoring - INFO - [database.py:13] - Using database: localhost:3306/Proctoring_AI
2025-05-19 18:49:54,070 - proctoring - INFO - [database.py:13] - Using database: localhost:3306/Proctoring_AI
2025-05-19 18:51:10,890 - proctoring - INFO - [database.py:13] - Using database: localhost:3306/Proctoring_AI
2025-05-19 18:59:44,260 - proctoring - INFO - [database.py:13] - Using database: localhost:3306/Proctoring_AI
2025-05-19 19:01:04,054 - proctoring - INFO - [database.py:13] - Using database: localhost:3306/Proctoring_AI
2025-05-19 19:07:47,590 - proctoring - INFO - [database.py:13] - Using database: localhost:3306/Proctoring_AI
2025-05-19 19:08:42,317 - proctoring - INFO - [mediapipe_config.py:14] - MediaPipe configured for CPU-only mode
2025-05-19 19:08:42,318 - proctoring - INFO - [main.py:68] - MediaPipe configured successfully
2025-05-19 19:08:42,341 - proctoring - INFO - [main.py:74] - Database connection test successful
2025-05-19 19:08:42,345 - proctoring - INFO - [main.py:81] - Database initialized successfully
2025-05-19 19:08:42,446 - proctoring - INFO - [main.py:86] - YOLO model loaded successfully
2025-05-19 19:10:00,823 - proctoring - INFO - [auth.py:189] - Comparing face against 2 users
2025-05-19 19:10:02,045 - proctoring - ERROR - [face_auth.py:58] - Face comparison error: Exception while processing img2_path
Traceback (most recent call last):
  File "/Users/joshua/Desktop/Josh/Proctoring_AI/Proctoring-AI-BE/venv/lib/python3.9/site-packages/deepface/modules/verification.py", line 167, in extract_embeddings_and_facial_areas
    img_embeddings, img_facial_areas = __extract_faces_and_embeddings(
  File "/Users/joshua/Desktop/Josh/Proctoring_AI/Proctoring-AI-BE/venv/lib/python3.9/site-packages/deepface/modules/verification.py", line 234, in __extract_faces_and_embeddings
    img_objs = detection.extract_faces(
  File "/Users/joshua/Desktop/Josh/Proctoring_AI/Proctoring-AI-BE/venv/lib/python3.9/site-packages/deepface/modules/detection.py", line 105, in extract_faces
    raise ValueError(
ValueError: Face could not be detected in /var/folders/jq/js8p1tm514b36frnrw_hvy0c0000gn/T/tmpkcatlf7i.jpg.Please confirm that the picture is a face photo or consider to set enforce_detection param to False.

The above exception was the direct cause of the following exception:

Traceback (most recent call last):
  File "/Users/joshua/Desktop/Josh/Proctoring_AI/Proctoring-AI-BE/utils/face_auth.py", line 35, in compare_faces
    result = DeepFace.verify(
  File "/Users/joshua/Desktop/Josh/Proctoring_AI/Proctoring-AI-BE/venv/lib/python3.9/site-packages/deepface/DeepFace.py", line 150, in verify
    return verification.verify(
  File "/Users/joshua/Desktop/Josh/Proctoring_AI/Proctoring-AI-BE/venv/lib/python3.9/site-packages/deepface/modules/verification.py", line 182, in verify
    img2_embeddings, img2_facial_areas = extract_embeddings_and_facial_areas(img2_path, 2)
  File "/Users/joshua/Desktop/Josh/Proctoring_AI/Proctoring-AI-BE/venv/lib/python3.9/site-packages/deepface/modules/verification.py", line 178, in extract_embeddings_and_facial_areas
    raise ValueError(f"Exception while processing img{index}_path") from err
ValueError: Exception while processing img2_path
2025-05-19 19:10:02,508 - proctoring - ERROR - [face_auth.py:58] - Face comparison error: Exception while processing img2_path
Traceback (most recent call last):
  File "/Users/joshua/Desktop/Josh/Proctoring_AI/Proctoring-AI-BE/venv/lib/python3.9/site-packages/deepface/modules/verification.py", line 167, in extract_embeddings_and_facial_areas
    img_embeddings, img_facial_areas = __extract_faces_and_embeddings(
  File "/Users/joshua/Desktop/Josh/Proctoring_AI/Proctoring-AI-BE/venv/lib/python3.9/site-packages/deepface/modules/verification.py", line 234, in __extract_faces_and_embeddings
    img_objs = detection.extract_faces(
  File "/Users/joshua/Desktop/Josh/Proctoring_AI/Proctoring-AI-BE/venv/lib/python3.9/site-packages/deepface/modules/detection.py", line 105, in extract_faces
    raise ValueError(
ValueError: Face could not be detected in /var/folders/jq/js8p1tm514b36frnrw_hvy0c0000gn/T/tmp7b26r7ib.jpg.Please confirm that the picture is a face photo or consider to set enforce_detection param to False.

The above exception was the direct cause of the following exception:

Traceback (most recent call last):
  File "/Users/joshua/Desktop/Josh/Proctoring_AI/Proctoring-AI-BE/utils/face_auth.py", line 35, in compare_faces
    result = DeepFace.verify(
  File "/Users/joshua/Desktop/Josh/Proctoring_AI/Proctoring-AI-BE/venv/lib/python3.9/site-packages/deepface/DeepFace.py", line 150, in verify
    return verification.verify(
  File "/Users/joshua/Desktop/Josh/Proctoring_AI/Proctoring-AI-BE/venv/lib/python3.9/site-packages/deepface/modules/verification.py", line 182, in verify
    img2_embeddings, img2_facial_areas = extract_embeddings_and_facial_areas(img2_path, 2)
  File "/Users/joshua/Desktop/Josh/Proctoring_AI/Proctoring-AI-BE/venv/lib/python3.9/site-packages/deepface/modules/verification.py", line 178, in extract_embeddings_and_facial_areas
    raise ValueError(f"Exception while processing img{index}_path") from err
ValueError: Exception while processing img2_path
2025-05-19 19:10:56,414 - proctoring - INFO - [auth.py:189] - Comparing face against 3 users
2025-05-19 19:10:57,042 - proctoring - INFO - [face_auth.py:48] - Face comparison: distance=0.277, threshold=0.6, verified=True
2025-05-19 19:10:57,043 - proctoring - INFO - [auth.py:200] - Face comparison with sharath@gmail.com: confidence=72.29
2025-05-19 19:10:57,640 - proctoring - INFO - [face_auth.py:48] - Face comparison: distance=0.739, threshold=0.6, verified=False
2025-05-19 19:10:57,640 - proctoring - INFO - [auth.py:200] - Face comparison with poojas410@gmail.com: confidence=26.1
2025-05-19 19:10:58,260 - proctoring - INFO - [face_auth.py:48] - Face comparison: distance=0.108, threshold=0.6, verified=True
2025-05-19 19:10:58,261 - proctoring - INFO - [auth.py:200] - Face comparison with shaz@gmail.com: confidence=89.16
2025-05-19 19:10:58,261 - proctoring - INFO - [auth.py:208] - Face login successful for shaz@gmail.com with confidence 89.16
2025-05-19 19:11:11,431 - proctoring - INFO - [auth.py:189] - Comparing face against 3 users
2025-05-19 19:11:12,075 - proctoring - INFO - [face_auth.py:48] - Face comparison: distance=0.311, threshold=0.6, verified=True
2025-05-19 19:11:12,076 - proctoring - INFO - [auth.py:200] - Face comparison with sharath@gmail.com: confidence=68.89
2025-05-19 19:11:12,664 - proctoring - INFO - [face_auth.py:48] - Face comparison: distance=0.765, threshold=0.6, verified=False
2025-05-19 19:11:12,665 - proctoring - INFO - [auth.py:200] - Face comparison with poojas410@gmail.com: confidence=23.45
2025-05-19 19:11:13,281 - proctoring - INFO - [face_auth.py:48] - Face comparison: distance=0.121, threshold=0.6, verified=True
2025-05-19 19:11:13,281 - proctoring - INFO - [auth.py:200] - Face comparison with shaz@gmail.com: confidence=87.94
2025-05-19 19:11:13,281 - proctoring - INFO - [auth.py:208] - Face login successful for shaz@gmail.com with confidence 87.94
2025-05-19 19:14:17,825 - proctoring - INFO - [database.py:13] - Using database: localhost:3306/Proctoring_AI
2025-05-19 19:38:46,194 - proctoring - INFO - [database.py:13] - Using database: localhost:3306/Proctoring_AI
2025-05-19 19:39:37,767 - proctoring - INFO - [mediapipe_config.py:14] - MediaPipe configured for CPU-only mode
2025-05-19 19:39:37,767 - proctoring - INFO - [main.py:68] - MediaPipe configured successfully
2025-05-19 19:39:37,786 - proctoring - INFO - [main.py:74] - Database connection test successful
2025-05-19 19:39:37,790 - proctoring - INFO - [main.py:81] - Database initialized successfully
2025-05-19 19:39:37,812 - proctoring - INFO - [main.py:86] - YOLO model loaded successfully
2025-05-19 19:40:06,806 - proctoring - INFO - [main.py:133] - WebSocket connection attempt for user 1
2025-05-19 19:40:06,808 - proctoring - INFO - [connection.py:31] - WebSocket connection accepted for user 1
2025-05-19 19:40:06,808 - proctoring - INFO - [main.py:162] - WebSocket connection established for user 1
2025-05-19 19:40:06,818 - proctoring - DEBUG - [image_utils.py:43] - Decoded base64 data length: 30582
2025-05-19 19:40:06,820 - proctoring - INFO - [detection_service.py:16] - Processing new frame
2025-05-19 19:40:06,839 - proctoring - INFO - [detection_service.py:34] - Face detection found 1 events
2025-05-19 19:40:06,875 - proctoring - DEBUG - [detection_service.py:37] - No Hand detections
2025-05-19 19:40:06,880 - proctoring - DEBUG - [detection_service.py:37] - No Face Mesh detections
2025-05-19 19:40:08,840 - proctoring - INFO - [detection_service.py:34] - YOLO detection found 1 events
2025-05-19 19:40:08,840 - proctoring - INFO - [detection_service.py:42] - Total events detected: 2
2025-05-19 19:40:08,840 - proctoring - INFO - [log_service.py:12] - Attempting to store 2 logs for user 1
2025-05-19 19:40:08,840 - proctoring - DEBUG - [log_service.py:26] - Created log entry: {'time': '2025-05-19 19:40:06.820829', 'event': 'Face detected', 'event_type': 'face_detected'}
2025-05-19 19:40:08,840 - proctoring - DEBUG - [log_service.py:26] - Created log entry: {'time': '2025-05-19 19:40:06.838907', 'event': 'user absence detected', 'event_type': 'face_not_visible', 'details': 'Face not visible in camera'}
2025-05-19 19:40:08,844 - proctoring - INFO - [log_service.py:40] - Successfully stored 2 logs
2025-05-19 19:40:08,847 - proctoring - DEBUG - [image_utils.py:43] - Decoded base64 data length: 30314
2025-05-19 19:40:08,848 - proctoring - INFO - [detection_service.py:16] - Processing new frame
2025-05-19 19:40:08,858 - proctoring - INFO - [detection_service.py:34] - Face detection found 1 events
2025-05-19 19:40:08,870 - proctoring - DEBUG - [detection_service.py:37] - No Face Mesh detections
2025-05-19 19:40:08,873 - proctoring - DEBUG - [detection_service.py:37] - No Hand detections
2025-05-19 19:40:08,930 - proctoring - DEBUG - [detection_service.py:37] - No YOLO detections
2025-05-19 19:40:08,930 - proctoring - INFO - [detection_service.py:42] - Total events detected: 1
2025-05-19 19:40:08,930 - proctoring - INFO - [log_service.py:12] - Attempting to store 1 logs for user 1
2025-05-19 19:40:08,930 - proctoring - DEBUG - [log_service.py:26] - Created log entry: {'time': '2025-05-19 19:40:08.848409', 'event': 'Face detected', 'event_type': 'face_detected'}
2025-05-19 19:40:08,932 - proctoring - INFO - [log_service.py:40] - Successfully stored 1 logs
2025-05-19 19:40:08,934 - proctoring - DEBUG - [image_utils.py:43] - Decoded base64 data length: 30759
2025-05-19 19:40:08,935 - proctoring - INFO - [detection_service.py:16] - Processing new frame
2025-05-19 19:40:08,944 - proctoring - INFO - [detection_service.py:34] - Face detection found 1 events
2025-05-19 19:40:08,955 - proctoring - DEBUG - [detection_service.py:37] - No Face Mesh detections
2025-05-19 19:40:08,958 - proctoring - DEBUG - [detection_service.py:37] - No Hand detections
2025-05-19 19:40:09,019 - proctoring - DEBUG - [detection_service.py:37] - No YOLO detections
2025-05-19 19:40:09,019 - proctoring - INFO - [detection_service.py:42] - Total events detected: 1
2025-05-19 19:40:09,019 - proctoring - INFO - [log_service.py:12] - Attempting to store 1 logs for user 1
2025-05-19 19:40:09,019 - proctoring - DEBUG - [log_service.py:26] - Created log entry: {'time': '2025-05-19 19:40:08.935094', 'event': 'Face detected', 'event_type': 'face_detected'}
2025-05-19 19:40:09,021 - proctoring - INFO - [log_service.py:40] - Successfully stored 1 logs
2025-05-19 19:40:09,022 - proctoring - DEBUG - [image_utils.py:43] - Decoded base64 data length: 31965
2025-05-19 19:40:09,022 - proctoring - INFO - [detection_service.py:16] - Processing new frame
2025-05-19 19:40:09,031 - proctoring - INFO - [detection_service.py:34] - Face detection found 1 events
2025-05-19 19:40:09,046 - proctoring - DEBUG - [detection_service.py:37] - No Face Mesh detections
2025-05-19 19:40:09,058 - proctoring - DEBUG - [detection_service.py:37] - No Hand detections
2025-05-19 19:40:09,110 - proctoring - DEBUG - [detection_service.py:37] - No YOLO detections
2025-05-19 19:40:09,110 - proctoring - INFO - [detection_service.py:42] - Total events detected: 1
2025-05-19 19:40:09,110 - proctoring - INFO - [log_service.py:12] - Attempting to store 1 logs for user 1
2025-05-19 19:40:09,110 - proctoring - DEBUG - [log_service.py:26] - Created log entry: {'time': '2025-05-19 19:40:09.022784', 'event': 'Face detected', 'event_type': 'face_detected'}
2025-05-19 19:40:09,112 - proctoring - INFO - [log_service.py:40] - Successfully stored 1 logs
2025-05-19 19:40:09,113 - proctoring - DEBUG - [image_utils.py:43] - Decoded base64 data length: 32839
2025-05-19 19:40:09,114 - proctoring - INFO - [detection_service.py:16] - Processing new frame
2025-05-19 19:40:09,123 - proctoring - INFO - [detection_service.py:34] - Face detection found 1 events
2025-05-19 19:40:09,136 - proctoring - DEBUG - [detection_service.py:37] - No Face Mesh detections
2025-05-19 19:40:09,149 - proctoring - DEBUG - [detection_service.py:37] - No Hand detections
2025-05-19 19:40:09,199 - proctoring - DEBUG - [detection_service.py:37] - No YOLO detections
2025-05-19 19:40:09,199 - proctoring - INFO - [detection_service.py:42] - Total events detected: 1
2025-05-19 19:40:09,199 - proctoring - INFO - [log_service.py:12] - Attempting to store 1 logs for user 1
2025-05-19 19:40:09,200 - proctoring - DEBUG - [log_service.py:26] - Created log entry: {'time': '2025-05-19 19:40:09.114491', 'event': 'Face detected', 'event_type': 'face_detected'}
2025-05-19 19:40:09,201 - proctoring - INFO - [log_service.py:40] - Successfully stored 1 logs
2025-05-19 19:40:09,203 - proctoring - DEBUG - [image_utils.py:43] - Decoded base64 data length: 33418
2025-05-19 19:40:09,204 - proctoring - INFO - [detection_service.py:16] - Processing new frame
2025-05-19 19:40:09,215 - proctoring - INFO - [detection_service.py:34] - Face detection found 1 events
2025-05-19 19:40:09,227 - proctoring - DEBUG - [detection_service.py:37] - No Face Mesh detections
2025-05-19 19:40:09,241 - proctoring - DEBUG - [detection_service.py:37] - No Hand detections
2025-05-19 19:40:09,291 - proctoring - DEBUG - [detection_service.py:37] - No YOLO detections
2025-05-19 19:40:09,291 - proctoring - INFO - [detection_service.py:42] - Total events detected: 1
2025-05-19 19:40:09,291 - proctoring - INFO - [log_service.py:12] - Attempting to store 1 logs for user 1
2025-05-19 19:40:09,291 - proctoring - DEBUG - [log_service.py:26] - Created log entry: {'time': '2025-05-19 19:40:09.204097', 'event': 'Face detected', 'event_type': 'face_detected'}
2025-05-19 19:40:09,293 - proctoring - INFO - [log_service.py:40] - Successfully stored 1 logs
2025-05-19 19:40:09,294 - proctoring - DEBUG - [image_utils.py:43] - Decoded base64 data length: 33805
2025-05-19 19:40:09,294 - proctoring - INFO - [detection_service.py:16] - Processing new frame
2025-05-19 19:40:09,305 - proctoring - INFO - [detection_service.py:34] - Face detection found 1 events
2025-05-19 19:40:09,315 - proctoring - DEBUG - [detection_service.py:37] - No Face Mesh detections
2025-05-19 19:40:09,330 - proctoring - DEBUG - [detection_service.py:37] - No Hand detections
2025-05-19 19:40:09,382 - proctoring - DEBUG - [detection_service.py:37] - No YOLO detections
2025-05-19 19:40:09,382 - proctoring - INFO - [detection_service.py:42] - Total events detected: 1
2025-05-19 19:40:09,382 - proctoring - INFO - [log_service.py:12] - Attempting to store 1 logs for user 1
2025-05-19 19:40:09,382 - proctoring - DEBUG - [log_service.py:26] - Created log entry: {'time': '2025-05-19 19:40:09.294870', 'event': 'Face detected', 'event_type': 'face_detected'}
2025-05-19 19:40:09,383 - proctoring - INFO - [log_service.py:40] - Successfully stored 1 logs
2025-05-19 19:40:09,384 - proctoring - DEBUG - [image_utils.py:43] - Decoded base64 data length: 33999
2025-05-19 19:40:09,385 - proctoring - INFO - [detection_service.py:16] - Processing new frame
2025-05-19 19:40:09,394 - proctoring - INFO - [detection_service.py:34] - Face detection found 1 events
2025-05-19 19:40:09,409 - proctoring - DEBUG - [detection_service.py:37] - No Face Mesh detections
2025-05-19 19:40:09,423 - proctoring - DEBUG - [detection_service.py:37] - No Hand detections
2025-05-19 19:40:09,471 - proctoring - DEBUG - [detection_service.py:37] - No YOLO detections
2025-05-19 19:40:09,471 - proctoring - INFO - [detection_service.py:42] - Total events detected: 1
2025-05-19 19:40:09,471 - proctoring - INFO - [log_service.py:12] - Attempting to store 1 logs for user 1
2025-05-19 19:40:09,471 - proctoring - DEBUG - [log_service.py:26] - Created log entry: {'time': '2025-05-19 19:40:09.385646', 'event': 'Face detected', 'event_type': 'face_detected'}
2025-05-19 19:40:09,472 - proctoring - INFO - [log_service.py:40] - Successfully stored 1 logs
2025-05-19 19:40:09,473 - proctoring - DEBUG - [image_utils.py:43] - Decoded base64 data length: 34240
2025-05-19 19:40:09,474 - proctoring - INFO - [detection_service.py:16] - Processing new frame
2025-05-19 19:40:09,484 - proctoring - INFO - [detection_service.py:34] - Face detection found 1 events
2025-05-19 19:40:09,495 - proctoring - DEBUG - [detection_service.py:37] - No Face Mesh detections
2025-05-19 19:40:09,511 - proctoring - DEBUG - [detection_service.py:37] - No Hand detections
2025-05-19 19:40:09,558 - proctoring - DEBUG - [detection_service.py:37] - No YOLO detections
2025-05-19 19:40:09,558 - proctoring - INFO - [detection_service.py:42] - Total events detected: 1
2025-05-19 19:40:09,558 - proctoring - INFO - [log_service.py:12] - Attempting to store 1 logs for user 1
2025-05-19 19:40:09,558 - proctoring - DEBUG - [log_service.py:26] - Created log entry: {'time': '2025-05-19 19:40:09.474533', 'event': 'Face detected', 'event_type': 'face_detected'}
2025-05-19 19:40:09,560 - proctoring - INFO - [log_service.py:40] - Successfully stored 1 logs
2025-05-19 19:40:09,562 - proctoring - DEBUG - [image_utils.py:43] - Decoded base64 data length: 34439
2025-05-19 19:40:09,562 - proctoring - INFO - [detection_service.py:16] - Processing new frame
2025-05-19 19:40:09,573 - proctoring - INFO - [detection_service.py:34] - Face detection found 1 events
2025-05-19 19:40:09,582 - proctoring - DEBUG - [detection_service.py:37] - No Face Mesh detections
2025-05-19 19:40:09,600 - proctoring - DEBUG - [detection_service.py:37] - No Hand detections
2025-05-19 19:40:09,648 - proctoring - DEBUG - [detection_service.py:37] - No YOLO detections
2025-05-19 19:40:09,648 - proctoring - INFO - [detection_service.py:42] - Total events detected: 1
2025-05-19 19:40:09,648 - proctoring - INFO - [log_service.py:12] - Attempting to store 1 logs for user 1
2025-05-19 19:40:09,648 - proctoring - DEBUG - [log_service.py:26] - Created log entry: {'time': '2025-05-19 19:40:09.562673', 'event': 'Face detected', 'event_type': 'face_detected'}
2025-05-19 19:40:09,650 - proctoring - INFO - [log_service.py:40] - Successfully stored 1 logs
2025-05-19 19:40:09,651 - proctoring - DEBUG - [image_utils.py:43] - Decoded base64 data length: 34526
2025-05-19 19:40:09,651 - proctoring - INFO - [detection_service.py:16] - Processing new frame
2025-05-19 19:40:09,661 - proctoring - INFO - [detection_service.py:34] - Face detection found 1 events
2025-05-19 19:40:09,674 - proctoring - DEBUG - [detection_service.py:37] - No Face Mesh detections
2025-05-19 19:40:09,690 - proctoring - DEBUG - [detection_service.py:37] - No Hand detections
2025-05-19 19:40:09,735 - proctoring - DEBUG - [detection_service.py:37] - No YOLO detections
2025-05-19 19:40:09,735 - proctoring - INFO - [detection_service.py:42] - Total events detected: 1
2025-05-19 19:40:09,735 - proctoring - INFO - [log_service.py:12] - Attempting to store 1 logs for user 1
2025-05-19 19:40:09,735 - proctoring - DEBUG - [log_service.py:26] - Created log entry: {'time': '2025-05-19 19:40:09.651713', 'event': 'Face detected', 'event_type': 'face_detected'}
2025-05-19 19:40:09,737 - proctoring - INFO - [log_service.py:40] - Successfully stored 1 logs
2025-05-19 19:40:09,738 - proctoring - DEBUG - [image_utils.py:43] - Decoded base64 data length: 34637
2025-05-19 19:40:09,739 - proctoring - INFO - [detection_service.py:16] - Processing new frame
2025-05-19 19:40:09,749 - proctoring - INFO - [detection_service.py:34] - Face detection found 1 events
2025-05-19 19:40:09,758 - proctoring - DEBUG - [detection_service.py:37] - No Face Mesh detections
2025-05-19 19:40:09,775 - proctoring - DEBUG - [detection_service.py:37] - No Hand detections
2025-05-19 19:40:09,818 - proctoring - DEBUG - [detection_service.py:37] - No YOLO detections
2025-05-19 19:40:09,818 - proctoring - INFO - [detection_service.py:42] - Total events detected: 1
2025-05-19 19:40:09,818 - proctoring - INFO - [log_service.py:12] - Attempting to store 1 logs for user 1
2025-05-19 19:40:09,818 - proctoring - DEBUG - [log_service.py:26] - Created log entry: {'time': '2025-05-19 19:40:09.739244', 'event': 'Face detected', 'event_type': 'face_detected'}
2025-05-19 19:40:09,820 - proctoring - INFO - [log_service.py:40] - Successfully stored 1 logs
2025-05-19 19:40:09,821 - proctoring - DEBUG - [image_utils.py:43] - Decoded base64 data length: 34645
2025-05-19 19:40:09,821 - proctoring - INFO - [detection_service.py:16] - Processing new frame
2025-05-19 19:40:09,833 - proctoring - INFO - [detection_service.py:34] - Face detection found 1 events
2025-05-19 19:40:09,843 - proctoring - DEBUG - [detection_service.py:37] - No Face Mesh detections
2025-05-19 19:40:09,858 - proctoring - DEBUG - [detection_service.py:37] - No Hand detections
2025-05-19 19:40:09,904 - proctoring - DEBUG - [detection_service.py:37] - No YOLO detections
2025-05-19 19:40:09,904 - proctoring - INFO - [detection_service.py:42] - Total events detected: 1
2025-05-19 19:40:09,904 - proctoring - INFO - [log_service.py:12] - Attempting to store 1 logs for user 1
2025-05-19 19:40:09,904 - proctoring - DEBUG - [log_service.py:26] - Created log entry: {'time': '2025-05-19 19:40:09.821910', 'event': 'Face detected', 'event_type': 'face_detected'}
2025-05-19 19:40:09,905 - proctoring - INFO - [log_service.py:40] - Successfully stored 1 logs
2025-05-19 19:40:09,906 - proctoring - DEBUG - [image_utils.py:43] - Decoded base64 data length: 34534
2025-05-19 19:40:09,907 - proctoring - INFO - [detection_service.py:16] - Processing new frame
2025-05-19 19:40:09,917 - proctoring - INFO - [detection_service.py:34] - Face detection found 1 events
2025-05-19 19:40:09,925 - proctoring - DEBUG - [detection_service.py:37] - No Face Mesh detections
2025-05-19 19:40:09,943 - proctoring - DEBUG - [detection_service.py:37] - No Hand detections
2025-05-19 19:40:09,991 - proctoring - DEBUG - [detection_service.py:37] - No YOLO detections
2025-05-19 19:40:09,991 - proctoring - INFO - [detection_service.py:42] - Total events detected: 1
2025-05-19 19:40:09,991 - proctoring - INFO - [log_service.py:12] - Attempting to store 1 logs for user 1
2025-05-19 19:40:09,991 - proctoring - DEBUG - [log_service.py:26] - Created log entry: {'time': '2025-05-19 19:40:09.907516', 'event': 'Face detected', 'event_type': 'face_detected'}
2025-05-19 19:40:09,992 - proctoring - INFO - [log_service.py:40] - Successfully stored 1 logs
2025-05-19 19:40:09,993 - proctoring - DEBUG - [image_utils.py:43] - Decoded base64 data length: 34640
2025-05-19 19:40:09,994 - proctoring - INFO - [detection_service.py:16] - Processing new frame
2025-05-19 19:40:10,003 - proctoring - INFO - [detection_service.py:34] - Face detection found 1 events
2025-05-19 19:40:10,017 - proctoring - DEBUG - [detection_service.py:37] - No Face Mesh detections
2025-05-19 19:40:10,031 - proctoring - DEBUG - [detection_service.py:37] - No Hand detections
2025-05-19 19:40:10,083 - proctoring - DEBUG - [detection_service.py:37] - No YOLO detections
2025-05-19 19:40:10,083 - proctoring - INFO - [detection_service.py:42] - Total events detected: 1
2025-05-19 19:40:10,083 - proctoring - INFO - [log_service.py:12] - Attempting to store 1 logs for user 1
2025-05-19 19:40:10,083 - proctoring - DEBUG - [log_service.py:26] - Created log entry: {'time': '2025-05-19 19:40:09.994398', 'event': 'Face detected', 'event_type': 'face_detected'}
2025-05-19 19:40:10,085 - proctoring - INFO - [log_service.py:40] - Successfully stored 1 logs
2025-05-19 19:40:10,086 - proctoring - DEBUG - [image_utils.py:43] - Decoded base64 data length: 34604
2025-05-19 19:40:10,087 - proctoring - INFO - [detection_service.py:16] - Processing new frame
2025-05-19 19:40:10,099 - proctoring - INFO - [detection_service.py:34] - Face detection found 1 events
2025-05-19 19:40:10,219 - proctoring - DEBUG - [detection_service.py:37] - No Face Mesh detections
2025-05-19 19:40:10,221 - proctoring - DEBUG - [detection_service.py:37] - No Hand detections
2025-05-19 19:40:10,281 - proctoring - DEBUG - [detection_service.py:37] - No YOLO detections
2025-05-19 19:40:10,281 - proctoring - INFO - [detection_service.py:42] - Total events detected: 1
2025-05-19 19:40:10,281 - proctoring - INFO - [log_service.py:12] - Attempting to store 1 logs for user 1
2025-05-19 19:40:10,281 - proctoring - DEBUG - [log_service.py:26] - Created log entry: {'time': '2025-05-19 19:40:10.087276', 'event': 'Face detected', 'event_type': 'face_detected'}
2025-05-19 19:40:10,283 - proctoring - INFO - [log_service.py:40] - Successfully stored 1 logs
2025-05-19 19:40:10,285 - proctoring - DEBUG - [image_utils.py:43] - Decoded base64 data length: 34456
2025-05-19 19:40:10,286 - proctoring - INFO - [detection_service.py:16] - Processing new frame
2025-05-19 19:40:10,295 - proctoring - INFO - [detection_service.py:34] - Face detection found 1 events
2025-05-19 19:40:10,307 - proctoring - DEBUG - [detection_service.py:37] - No Face Mesh detections
2025-05-19 19:40:10,322 - proctoring - DEBUG - [detection_service.py:37] - No Hand detections
2025-05-19 19:40:10,371 - proctoring - DEBUG - [detection_service.py:37] - No YOLO detections
2025-05-19 19:40:10,371 - proctoring - INFO - [detection_service.py:42] - Total events detected: 1
2025-05-19 19:40:10,371 - proctoring - INFO - [log_service.py:12] - Attempting to store 1 logs for user 1
2025-05-19 19:40:10,371 - proctoring - DEBUG - [log_service.py:26] - Created log entry: {'time': '2025-05-19 19:40:10.286323', 'event': 'Face detected', 'event_type': 'face_detected'}
2025-05-19 19:40:10,373 - proctoring - INFO - [log_service.py:40] - Successfully stored 1 logs
2025-05-19 19:40:10,374 - proctoring - DEBUG - [image_utils.py:43] - Decoded base64 data length: 34435
2025-05-19 19:40:10,375 - proctoring - INFO - [detection_service.py:16] - Processing new frame
2025-05-19 19:40:10,384 - proctoring - INFO - [detection_service.py:34] - Face detection found 1 events
2025-05-19 19:40:10,395 - proctoring - DEBUG - [detection_service.py:37] - No Face Mesh detections
2025-05-19 19:40:10,409 - proctoring - DEBUG - [detection_service.py:37] - No Hand detections
2025-05-19 19:40:10,461 - proctoring - DEBUG - [detection_service.py:37] - No YOLO detections
2025-05-19 19:40:10,461 - proctoring - INFO - [detection_service.py:42] - Total events detected: 1
2025-05-19 19:40:10,461 - proctoring - INFO - [log_service.py:12] - Attempting to store 1 logs for user 1
2025-05-19 19:40:10,461 - proctoring - DEBUG - [log_service.py:26] - Created log entry: {'time': '2025-05-19 19:40:10.375465', 'event': 'Face detected', 'event_type': 'face_detected'}
2025-05-19 19:40:10,462 - proctoring - INFO - [log_service.py:40] - Successfully stored 1 logs
2025-05-19 19:40:10,463 - proctoring - DEBUG - [image_utils.py:43] - Decoded base64 data length: 34457
2025-05-19 19:40:10,464 - proctoring - INFO - [detection_service.py:16] - Processing new frame
2025-05-19 19:40:10,476 - proctoring - INFO - [detection_service.py:34] - Face detection found 1 events
2025-05-19 19:40:10,487 - proctoring - DEBUG - [detection_service.py:37] - No Face Mesh detections
2025-05-19 19:40:10,505 - proctoring - DEBUG - [detection_service.py:37] - No Hand detections
2025-05-19 19:40:10,553 - proctoring - DEBUG - [detection_service.py:37] - No YOLO detections
2025-05-19 19:40:10,553 - proctoring - INFO - [detection_service.py:42] - Total events detected: 1
2025-05-19 19:40:10,553 - proctoring - INFO - [log_service.py:12] - Attempting to store 1 logs for user 1
2025-05-19 19:40:10,553 - proctoring - DEBUG - [log_service.py:26] - Created log entry: {'time': '2025-05-19 19:40:10.464247', 'event': 'Face detected', 'event_type': 'face_detected'}
2025-05-19 19:40:10,555 - proctoring - INFO - [log_service.py:40] - Successfully stored 1 logs
2025-05-19 19:40:10,556 - proctoring - DEBUG - [image_utils.py:43] - Decoded base64 data length: 34442
2025-05-19 19:40:10,556 - proctoring - INFO - [detection_service.py:16] - Processing new frame
2025-05-19 19:40:10,567 - proctoring - INFO - [detection_service.py:34] - Face detection found 1 events
2025-05-19 19:40:10,579 - proctoring - DEBUG - [detection_service.py:37] - No Face Mesh detections
2025-05-19 19:40:10,583 - proctoring - DEBUG - [detection_service.py:37] - No Hand detections
2025-05-19 19:40:10,640 - proctoring - DEBUG - [detection_service.py:37] - No YOLO detections
2025-05-19 19:40:10,640 - proctoring - INFO - [detection_service.py:42] - Total events detected: 1
2025-05-19 19:40:10,640 - proctoring - INFO - [log_service.py:12] - Attempting to store 1 logs for user 1
2025-05-19 19:40:10,640 - proctoring - DEBUG - [log_service.py:26] - Created log entry: {'time': '2025-05-19 19:40:10.556944', 'event': 'Face detected', 'event_type': 'face_detected'}
2025-05-19 19:40:10,642 - proctoring - INFO - [log_service.py:40] - Successfully stored 1 logs
2025-05-19 19:40:10,643 - proctoring - DEBUG - [image_utils.py:43] - Decoded base64 data length: 34459
2025-05-19 19:40:10,644 - proctoring - INFO - [detection_service.py:16] - Processing new frame
2025-05-19 19:40:10,653 - proctoring - INFO - [detection_service.py:34] - Face detection found 1 events
2025-05-19 19:40:10,662 - proctoring - DEBUG - [detection_service.py:37] - No Face Mesh detections
2025-05-19 19:40:10,678 - proctoring - DEBUG - [detection_service.py:37] - No Hand detections
2025-05-19 19:40:10,731 - proctoring - DEBUG - [detection_service.py:37] - No YOLO detections
2025-05-19 19:40:10,731 - proctoring - INFO - [detection_service.py:42] - Total events detected: 1
2025-05-19 19:40:10,731 - proctoring - INFO - [log_service.py:12] - Attempting to store 1 logs for user 1
2025-05-19 19:40:10,731 - proctoring - DEBUG - [log_service.py:26] - Created log entry: {'time': '2025-05-19 19:40:10.644154', 'event': 'Face detected', 'event_type': 'face_detected'}
2025-05-19 19:40:10,733 - proctoring - INFO - [log_service.py:40] - Successfully stored 1 logs
2025-05-19 19:40:10,735 - proctoring - DEBUG - [image_utils.py:43] - Decoded base64 data length: 34401
2025-05-19 19:40:10,736 - proctoring - INFO - [detection_service.py:16] - Processing new frame
2025-05-19 19:40:10,746 - proctoring - INFO - [detection_service.py:34] - Face detection found 1 events
2025-05-19 19:40:10,757 - proctoring - DEBUG - [detection_service.py:37] - No Face Mesh detections
2025-05-19 19:40:10,773 - proctoring - DEBUG - [detection_service.py:37] - No Hand detections
2025-05-19 19:40:10,817 - proctoring - DEBUG - [detection_service.py:37] - No YOLO detections
2025-05-19 19:40:10,817 - proctoring - INFO - [detection_service.py:42] - Total events detected: 1
2025-05-19 19:40:10,817 - proctoring - INFO - [log_service.py:12] - Attempting to store 1 logs for user 1
2025-05-19 19:40:10,817 - proctoring - DEBUG - [log_service.py:26] - Created log entry: {'time': '2025-05-19 19:40:10.736279', 'event': 'Face detected', 'event_type': 'face_detected'}
2025-05-19 19:40:10,819 - proctoring - INFO - [log_service.py:40] - Successfully stored 1 logs
2025-05-19 19:40:10,820 - proctoring - DEBUG - [image_utils.py:43] - Decoded base64 data length: 34420
2025-05-19 19:40:10,821 - proctoring - INFO - [detection_service.py:16] - Processing new frame
2025-05-19 19:40:10,832 - proctoring - INFO - [detection_service.py:34] - Face detection found 1 events
2025-05-19 19:40:10,845 - proctoring - DEBUG - [detection_service.py:37] - No Face Mesh detections
2025-05-19 19:40:10,848 - proctoring - DEBUG - [detection_service.py:37] - No Hand detections
2025-05-19 19:40:10,911 - proctoring - DEBUG - [detection_service.py:37] - No YOLO detections
2025-05-19 19:40:10,911 - proctoring - INFO - [detection_service.py:42] - Total events detected: 1
2025-05-19 19:40:10,911 - proctoring - INFO - [log_service.py:12] - Attempting to store 1 logs for user 1
2025-05-19 19:40:10,911 - proctoring - DEBUG - [log_service.py:26] - Created log entry: {'time': '2025-05-19 19:40:10.821381', 'event': 'Face detected', 'event_type': 'face_detected'}
2025-05-19 19:40:10,912 - proctoring - INFO - [log_service.py:40] - Successfully stored 1 logs
2025-05-19 19:40:10,913 - proctoring - DEBUG - [image_utils.py:43] - Decoded base64 data length: 34435
2025-05-19 19:40:10,914 - proctoring - INFO - [detection_service.py:16] - Processing new frame
2025-05-19 19:40:10,924 - proctoring - INFO - [detection_service.py:34] - Face detection found 1 events
2025-05-19 19:40:10,934 - proctoring - DEBUG - [detection_service.py:37] - No Face Mesh detections
2025-05-19 19:40:10,949 - proctoring - DEBUG - [detection_service.py:37] - No Hand detections
2025-05-19 19:40:11,001 - proctoring - DEBUG - [detection_service.py:37] - No YOLO detections
2025-05-19 19:40:11,001 - proctoring - INFO - [detection_service.py:42] - Total events detected: 1
2025-05-19 19:40:11,001 - proctoring - INFO - [log_service.py:12] - Attempting to store 1 logs for user 1
2025-05-19 19:40:11,001 - proctoring - DEBUG - [log_service.py:26] - Created log entry: {'time': '2025-05-19 19:40:10.914563', 'event': 'Face detected', 'event_type': 'face_detected'}
2025-05-19 19:40:11,003 - proctoring - INFO - [log_service.py:40] - Successfully stored 1 logs
2025-05-19 19:40:11,005 - proctoring - DEBUG - [image_utils.py:43] - Decoded base64 data length: 34396
2025-05-19 19:40:11,006 - proctoring - INFO - [detection_service.py:16] - Processing new frame
2025-05-19 19:40:11,016 - proctoring - INFO - [detection_service.py:34] - Face detection found 1 events
2025-05-19 19:40:11,025 - proctoring - DEBUG - [detection_service.py:37] - No Face Mesh detections
2025-05-19 19:40:11,041 - proctoring - DEBUG - [detection_service.py:37] - No Hand detections
2025-05-19 19:40:11,091 - proctoring - DEBUG - [detection_service.py:37] - No YOLO detections
2025-05-19 19:40:11,091 - proctoring - INFO - [detection_service.py:42] - Total events detected: 1
2025-05-19 19:40:11,091 - proctoring - INFO - [log_service.py:12] - Attempting to store 1 logs for user 1
2025-05-19 19:40:11,091 - proctoring - DEBUG - [log_service.py:26] - Created log entry: {'time': '2025-05-19 19:40:11.006628', 'event': 'Face detected', 'event_type': 'face_detected'}
2025-05-19 19:40:11,093 - proctoring - INFO - [log_service.py:40] - Successfully stored 1 logs
2025-05-19 19:40:11,094 - proctoring - DEBUG - [image_utils.py:43] - Decoded base64 data length: 34330
2025-05-19 19:40:11,095 - proctoring - INFO - [detection_service.py:16] - Processing new frame
2025-05-19 19:40:11,105 - proctoring - INFO - [detection_service.py:34] - Face detection found 1 events
2025-05-19 19:40:11,116 - proctoring - DEBUG - [detection_service.py:37] - No Face Mesh detections
2025-05-19 19:40:11,130 - proctoring - DEBUG - [detection_service.py:37] - No Hand detections
2025-05-19 19:40:11,182 - proctoring - DEBUG - [detection_service.py:37] - No YOLO detections
2025-05-19 19:40:11,182 - proctoring - INFO - [detection_service.py:42] - Total events detected: 1
2025-05-19 19:40:11,182 - proctoring - INFO - [log_service.py:12] - Attempting to store 1 logs for user 1
2025-05-19 19:40:11,182 - proctoring - DEBUG - [log_service.py:26] - Created log entry: {'time': '2025-05-19 19:40:11.095506', 'event': 'Face detected', 'event_type': 'face_detected'}
2025-05-19 19:40:11,184 - proctoring - INFO - [log_service.py:40] - Successfully stored 1 logs
2025-05-19 19:40:11,185 - proctoring - DEBUG - [image_utils.py:43] - Decoded base64 data length: 34296
2025-05-19 19:40:11,185 - proctoring - INFO - [detection_service.py:16] - Processing new frame
2025-05-19 19:40:11,194 - proctoring - INFO - [detection_service.py:34] - Face detection found 1 events
2025-05-19 19:40:11,208 - proctoring - DEBUG - [detection_service.py:37] - No Face Mesh detections
2025-05-19 19:40:11,224 - proctoring - DEBUG - [detection_service.py:37] - No Hand detections
2025-05-19 19:40:11,275 - proctoring - DEBUG - [detection_service.py:37] - No YOLO detections
2025-05-19 19:40:11,276 - proctoring - INFO - [detection_service.py:42] - Total events detected: 1
2025-05-19 19:40:11,276 - proctoring - INFO - [log_service.py:12] - Attempting to store 1 logs for user 1
2025-05-19 19:40:11,276 - proctoring - DEBUG - [log_service.py:26] - Created log entry: {'time': '2025-05-19 19:40:11.185897', 'event': 'Face detected', 'event_type': 'face_detected'}
2025-05-19 19:40:11,277 - proctoring - INFO - [log_service.py:40] - Successfully stored 1 logs
2025-05-19 19:40:11,278 - proctoring - DEBUG - [image_utils.py:43] - Decoded base64 data length: 34290
2025-05-19 19:40:11,279 - proctoring - INFO - [detection_service.py:16] - Processing new frame
2025-05-19 19:40:11,289 - proctoring - INFO - [detection_service.py:34] - Face detection found 1 events
2025-05-19 19:40:11,301 - proctoring - DEBUG - [detection_service.py:37] - No Face Mesh detections
2025-05-19 19:40:11,315 - proctoring - DEBUG - [detection_service.py:37] - No Hand detections
2025-05-19 19:40:11,363 - proctoring - DEBUG - [detection_service.py:37] - No YOLO detections
2025-05-19 19:40:11,363 - proctoring - INFO - [detection_service.py:42] - Total events detected: 1
2025-05-19 19:40:11,363 - proctoring - INFO - [log_service.py:12] - Attempting to store 1 logs for user 1
2025-05-19 19:40:11,364 - proctoring - DEBUG - [log_service.py:26] - Created log entry: {'time': '2025-05-19 19:40:11.279556', 'event': 'Face detected', 'event_type': 'face_detected'}
2025-05-19 19:40:11,365 - proctoring - INFO - [log_service.py:40] - Successfully stored 1 logs
2025-05-19 19:40:11,367 - proctoring - DEBUG - [image_utils.py:43] - Decoded base64 data length: 34259
2025-05-19 19:40:11,367 - proctoring - INFO - [detection_service.py:16] - Processing new frame
2025-05-19 19:40:11,377 - proctoring - INFO - [detection_service.py:34] - Face detection found 1 events
2025-05-19 19:40:11,387 - proctoring - DEBUG - [detection_service.py:37] - No Face Mesh detections
2025-05-19 19:40:11,405 - proctoring - DEBUG - [detection_service.py:37] - No Hand detections
2025-05-19 19:40:11,455 - proctoring - DEBUG - [detection_service.py:37] - No YOLO detections
2025-05-19 19:40:11,455 - proctoring - INFO - [detection_service.py:42] - Total events detected: 1
2025-05-19 19:40:11,455 - proctoring - INFO - [log_service.py:12] - Attempting to store 1 logs for user 1
2025-05-19 19:40:11,455 - proctoring - DEBUG - [log_service.py:26] - Created log entry: {'time': '2025-05-19 19:40:11.368046', 'event': 'Face detected', 'event_type': 'face_detected'}
2025-05-19 19:40:11,457 - proctoring - INFO - [log_service.py:40] - Successfully stored 1 logs
2025-05-19 19:40:11,458 - proctoring - DEBUG - [image_utils.py:43] - Decoded base64 data length: 34245
2025-05-19 19:40:11,459 - proctoring - INFO - [detection_service.py:16] - Processing new frame
2025-05-19 19:40:11,469 - proctoring - INFO - [detection_service.py:34] - Face detection found 1 events
2025-05-19 19:40:11,480 - proctoring - DEBUG - [detection_service.py:37] - No Face Mesh detections
2025-05-19 19:40:11,493 - proctoring - DEBUG - [detection_service.py:37] - No Hand detections
2025-05-19 19:40:11,544 - proctoring - DEBUG - [detection_service.py:37] - No YOLO detections
2025-05-19 19:40:11,544 - proctoring - INFO - [detection_service.py:42] - Total events detected: 1
2025-05-19 19:40:11,544 - proctoring - INFO - [log_service.py:12] - Attempting to store 1 logs for user 1
2025-05-19 19:40:11,544 - proctoring - DEBUG - [log_service.py:26] - Created log entry: {'time': '2025-05-19 19:40:11.459122', 'event': 'Face detected', 'event_type': 'face_detected'}
2025-05-19 19:40:11,545 - proctoring - INFO - [log_service.py:40] - Successfully stored 1 logs
2025-05-19 19:40:11,546 - proctoring - DEBUG - [image_utils.py:43] - Decoded base64 data length: 34289
2025-05-19 19:40:11,547 - proctoring - INFO - [detection_service.py:16] - Processing new frame
2025-05-19 19:40:11,555 - proctoring - INFO - [detection_service.py:34] - Face detection found 1 events
2025-05-19 19:40:11,568 - proctoring - DEBUG - [detection_service.py:37] - No Face Mesh detections
2025-05-19 19:40:11,580 - proctoring - DEBUG - [detection_service.py:37] - No Hand detections
2025-05-19 19:40:11,629 - proctoring - DEBUG - [detection_service.py:37] - No YOLO detections
2025-05-19 19:40:11,629 - proctoring - INFO - [detection_service.py:42] - Total events detected: 1
2025-05-19 19:40:11,629 - proctoring - INFO - [log_service.py:12] - Attempting to store 1 logs for user 1
2025-05-19 19:40:11,629 - proctoring - DEBUG - [log_service.py:26] - Created log entry: {'time': '2025-05-19 19:40:11.547579', 'event': 'Face detected', 'event_type': 'face_detected'}
2025-05-19 19:40:11,631 - proctoring - INFO - [log_service.py:40] - Successfully stored 1 logs
2025-05-19 19:40:11,633 - proctoring - DEBUG - [image_utils.py:43] - Decoded base64 data length: 34256
2025-05-19 19:40:11,633 - proctoring - INFO - [detection_service.py:16] - Processing new frame
2025-05-19 19:40:11,644 - proctoring - INFO - [detection_service.py:34] - Face detection found 1 events
2025-05-19 19:40:11,652 - proctoring - DEBUG - [detection_service.py:37] - No Face Mesh detections
2025-05-19 19:40:11,669 - proctoring - DEBUG - [detection_service.py:37] - No Hand detections
2025-05-19 19:40:11,714 - proctoring - DEBUG - [detection_service.py:37] - No YOLO detections
2025-05-19 19:40:11,714 - proctoring - INFO - [detection_service.py:42] - Total events detected: 1
2025-05-19 19:40:11,714 - proctoring - INFO - [log_service.py:12] - Attempting to store 1 logs for user 1
2025-05-19 19:40:11,714 - proctoring - DEBUG - [log_service.py:26] - Created log entry: {'time': '2025-05-19 19:40:11.633898', 'event': 'Face detected', 'event_type': 'face_detected'}
2025-05-19 19:40:11,716 - proctoring - INFO - [log_service.py:40] - Successfully stored 1 logs
2025-05-19 19:40:11,718 - proctoring - INFO - [main.py:217] - Cleaning up connection for user 1
2025-05-19 19:40:11,718 - proctoring - INFO - [exam.py:158] - Closed WebSocket connection for user 1
